org.junit.vintage.engine@${vintageVersion} jar:file:.+/junit-vintage-engine-\d.+\.jar..module-info\.class
requires java.base mandated
requires junit
requires org.apiguardian.api static
requires org.junit.platform.engine
provides org.junit.platform.engine.TestEngine with org.junit.vintage.engine.VintageTestEngine
contains org.junit.vintage.engine
